Input real?:5.500000 Input integer?:4
inside nested block level1