<str,My code is the best: if a > b then return a else return b \n>