(<PROGRAM>
  (<TDEFS>
    (<TDEFS>
      (<TDEFS>
        (<EPSILON>)
      )
      (<defstruct>)
      (<{>)
      (<DECLARLIST>
        (<DECLARLIST>
          (<DECLARLIST>
            (<DCL>
              (<id,f1>)
              (<:>)
              (<TYPE>
                (<integer>)
              )
            )
            (<;>)
          )
          (<DCL>
            (<id,anotherField>)
            (<:>)
            (<TYPE>
              (<real>)
            )
          )
          (<;>)
        )
        (<DCL>
          (<id,m>)
          (<,>)
          (<DCL>
            (<id,k>)
            (<:>)
            (<TYPE>
              (<integer>)
            )
          )
        )
        (<;>)
      )
      (<}>)
      (<id,cdata>)
      (<;>)
    )
    (<defstruct>)
    (<{>)
    (<DECLARLIST>
      (<DECLARLIST>
        (<DCL>
          (<id,f2>)
          (<:>)
          (<TYPE>
            (<integer>)
          )
        )
        (<;>)
      )
      (<DCL>
        (<id,m>)
        (<,>)
        (<DCL>
          (<id,k>)
          (<:>)
          (<TYPE>
            (<integer>)
          )
        )
      )
      (<;>)
    )
    (<}>)
    (<id,cdata2>)
    (<;>)
  )
  (<FDEFS>
    (<FDEFS>
      (<FDEFS>
        (<EPSILON>)
      )
      (<extern>)
      (<TYPE>
        (<real>)
      )
      (<id,abc>)
      (<(>)
      (<FUNC_ARGLIST_FULL>
        (<FUNC_ARGLIST>
          (<FUNC_ARGLIST>
            (<DCL>
              (<id,tree>)
              (<:>)
              (<TYPE>
                (<real>)
              )
            )
          )
          (<,>)
          (<DCL>
            (<id,tulman>)
            (<:>)
            (<TYPE>
              (<integer>)
            )
          )
        )
      )
      (<)>)
      (<;>)
    )
    (<TYPE>
      (<real>)
    )
    (<id,abc>)
    (<(>)
    (<FUNC_ARGLIST_FULL>
      (<FUNC_ARGLIST>
        (<FUNC_ARGLIST>
          (<DCL>
            (<id,tree>)
            (<:>)
            (<TYPE>
              (<real>)
            )
          )
        )
        (<,>)
        (<DCL>
          (<id,tulman>)
          (<:>)
          (<TYPE>
            (<integer>)
          )
        )
      )
    )
    (<)>)
    (<BLK>
      (<DECLARATIONS>
        (<EPSILON>)
      )
      (<{>)
      (<LIST>
        (<LIST>
          (<EPSILON>)
        )
        (<STMT>
          (<READ>
            (<read>)
            (<(>)
            (<LVAL>
              (<id,polak>)
            )
            (<)>)
            (<;>)
          )
        )
      )
      (<}>)
    )
  )
  (<MAIN_FUNCTION>
    (<main>)
    (<BLK>
      (<DECLARATIONS>
        (<var>)
        (<DECLARLIST>
          (<DECLARLIST>
            (<DECLARLIST>
              (<DECLARLIST>
                (<DCL>
                  (<id,a>)
                  (<,>)
                  (<DCL>
                    (<id,c>)
                    (<,>)
                    (<DCL>
                      (<id,d>)
                      (<:>)
                      (<TYPE>
                        (<integer>)
                      )
                    )
                  )
                )
                (<;>)
              )
              (<DCL>
                (<id,b>)
                (<:>)
                (<id,cdata>)
              )
              (<;>)
            )
            (<DCL>
              (<id,e>)
              (<:>)
              (<id,cdata2>)
            )
            (<;>)
          )
          (<DCL>
            (<id,c>)
            (<:>)
            (<TYPE>
              (<real>)
            )
          )
          (<;>)
        )
      )
      (<{>)
      (<LIST>
        (<LIST>
          (<LIST>
            (<LIST>
              (<LIST>
                (<LIST>
                  (<LIST>
                    (<LIST>
                      (<LIST>
                        (<LIST>
                          (<LIST>
                            (<LIST>
                              (<LIST>
                                (<LIST>
                                  (<LIST>
                                    (<EPSILON>)
                                  )
                                  (<STMT>
                                    (<READ>
                                      (<read>)
                                      (<(>)
                                      (<LVAL>
                                        (<id,a>)
                                      )
                                      (<)>)
                                      (<;>)
                                    )
                                  )
                                )
                                (<STMT>
                                  (<ASSN>
                                    (<LVAL>
                                      (<STREF>
                                        (<id,c>)
                                        (<[>)
                                        (<id,b>)
                                        (<]>)
                                      )
                                    )
                                    (<assign,=>)
                                    (<EXP>
                                      (<EXP>
                                        (<num,5>)
                                      )
                                      (<addop,+>)
                                      (<EXP>
                                        (<id,tulman>)
                                      )
                                    )
                                    (<;>)
                                  )
                                )
                              )
                              (<STMT>
                                (<CNTRL>
                                  (<if>)
                                  (<BEXP>
                                    (<(>)
                                    (<BEXP>
                                      (<EXP>
                                        (<id,a>)
                                      )
                                      (<relop,<>)
                                      (<EXP>
                                        (<STREF>
                                          (<id,b>)
                                          (<[>)
                                          (<id,f1>)
                                          (<]>)
                                        )
                                      )
                                    )
                                    (<)>)
                                  )
                                  (<then>)
                                  (<STMT>
                                    (<WRITE>
                                      (<write>)
                                      (<(>)
                                      (<EXP>
                                        (<id,a>)
                                      )
                                      (<)>)
                                      (<;>)
                                    )
                                  )
                                  (<else>)
                                  (<STMT>
                                    (<ASSN>
                                      (<LVAL>
                                        (<id,c>)
                                      )
                                      (<assign,=>)
                                      (<EXP>
                                        (<num,9.8>)
                                      )
                                      (<;>)
                                    )
                                  )
                                )
                              )
                            )
                            (<STMT>
                              (<CNTRL>
                                (<if>)
                                (<BEXP>
                                  (<(>)
                                  (<BEXP>
                                    (<EXP>
                                      (<id,a>)
                                    )
                                    (<relop,>=>)
                                    (<EXP>
                                      (<STREF>
                                        (<id,b>)
                                        (<[>)
                                        (<id,f1>)
                                        (<]>)
                                      )
                                    )
                                  )
                                  (<)>)
                                )
                                (<then>)
                                (<STMT>
                                  (<WRITE>
                                    (<write>)
                                    (<(>)
                                    (<EXP>
                                      (<id,a>)
                                    )
                                    (<)>)
                                    (<;>)
                                  )
                                )
                              )
                            )
                          )
                          (<STMT>
                            (<CNTRL>
                              (<while>)
                              (<BEXP>
                                (<EXP>
                                  (<id,a>)
                                )
                                (<relop,>>)
                                (<EXP>
                                  (<num,5>)
                                )
                              )
                              (<do>)
                              (<STMT>
                                (<BLK>
                                  (<DECLARATIONS>
                                    (<EPSILON>)
                                  )
                                  (<{>)
                                  (<LIST>
                                    (<EPSILON>)
                                  )
                                  (<}>)
                                )
                              )
                            )
                          )
                        )
                        (<STMT>
                          (<WRITE>
                            (<write>)
                            (<(>)
                            (<EXP>
                              (<EXP>
                                (<EXP>
                                  (<num,3>)
                                )
                                (<mulop,/>)
                                (<EXP>
                                  (<num,12>)
                                )
                              )
                              (<mulop,/>)
                              (<EXP>
                                (<num,12>)
                              )
                            )
                            (<)>)
                            (<;>)
                          )
                        )
                      )
                      (<STMT>
                        (<WRITE>
                          (<write>)
                          (<(>)
                          (<EXP>
                            (<EXP>
                              (<num,3>)
                            )
                            (<mulop,*>)
                            (<EXP>
                              (<num,3>)
                            )
                          )
                          (<)>)
                          (<;>)
                        )
                      )
                    )
                    (<STMT>
                      (<WRITE>
                        (<write>)
                        (<(>)
                        (<str,"djlfdfkgkdfgldfhglfdh-AD-MATAI-ldfhgldfhgldfhldfhgldfhgkldfghdflgdkfhgldfh">)
                        (<)>)
                        (<;>)
                      )
                    )
                  )
                  (<STMT>
                    (<READ>
                      (<read>)
                      (<(>)
                      (<LVAL>
                        (<STREF>
                          (<STREF>
                            (<STREF>
                              (<STREF>
                                (<id,a>)
                                (<[>)
                                (<id,b>)
                                (<]>)
                              )
                              (<[>)
                              (<id,cd>)
                              (<]>)
                            )
                            (<[>)
                            (<id,cs>)
                            (<]>)
                          )
                          (<[>)
                          (<id,d1>)
                          (<]>)
                        )
                      )
                      (<)>)
                      (<;>)
                    )
                  )
                )
                (<STMT>
                  (<ASSN>
                    (<LVAL>
                      (<id,a>)
                    )
                    (<assign,=>)
                    (<EXP>
                      (<EXP>
                        (<num,3>)
                      )
                      (<addop,+>)
                      (<EXP>
                        (<EXP>
                          (<num,5>)
                        )
                        (<mulop,*>)
                        (<EXP>
                          (<id,a>)
                        )
                      )
                    )
                    (<;>)
                  )
                )
              )
              (<STMT>
                (<CNTRL>
                  (<if>)
                  (<BEXP>
                    (<(>)
                    (<BEXP>
                      (<BEXP>
                        (<EXP>
                          (<id,a>)
                        )
                        (<relop,==>)
                        (<EXP>
                          (<num,5>)
                        )
                      )
                      (<and,&&>)
                      (<BEXP>
                        (<EXP>
                          (<id,b>)
                        )
                        (<relop,<=>)
                        (<EXP>
                          (<num,2>)
                        )
                      )
                    )
                    (<)>)
                  )
                  (<then>)
                  (<STMT>
                    (<WRITE>
                      (<write>)
                      (<(>)
                      (<EXP>
                        (<id,a>)
                      )
                      (<)>)
                      (<;>)
                    )
                  )
                )
              )
            )
            (<STMT>
              (<CNTRL>
                (<if>)
                (<BEXP>
                  (<(>)
                  (<BEXP>
                    (<BEXP>
                      (<BEXP>
                        (<EXP>
                          (<id,a>)
                        )
                        (<relop,==>)
                        (<EXP>
                          (<num,5>)
                        )
                      )
                      (<and,&&>)
                      (<BEXP>
                        (<EXP>
                          (<id,b>)
                        )
                        (<relop,<=>)
                        (<EXP>
                          (<num,2>)
                        )
                      )
                    )
                    (<or,||>)
                    (<BEXP>
                      (<not,!>)
                      (<BEXP>
                        (<EXP>
                          (<id,c>)
                        )
                        (<relop,<>>)
                        (<EXP>
                          (<num,2>)
                        )
                      )
                    )
                  )
                  (<)>)
                )
                (<then>)
                (<STMT>
                  (<WRITE>
                    (<write>)
                    (<(>)
                    (<EXP>
                      (<id,a>)
                    )
                    (<)>)
                    (<;>)
                  )
                )
              )
            )
          )
          (<STMT>
            (<READ>
              (<read>)
              (<(>)
              (<LVAL>
                (<STREF>
                  (<id,b>)
                  (<[>)
                  (<id,f1>)
                  (<]>)
                )
              )
              (<)>)
              (<;>)
            )
          )
        )
        (<STMT>
          (<STMT_RETURN>
            (<return>)
            (<(>)
            (<EXP>
              (<CALL>
                (<call>)
                (<id,foo>)
                (<(>)
                (<CALL_ARGS_FULL>
                  (<CALL_ARGS>
                    (<CALL_ARGS>
                      (<EXP>
                        (<(>)
                        (<TYPE>
                          (<integer>)
                        )
                        (<)>)
                        (<EXP>
                          (<num,8>)
                        )
                      )
                    )
                    (<,>)
                    (<EXP>
                      (<(>)
                      (<EXP>
                        (<EXP>
                          (<num,3>)
                        )
                        (<addop,+>)
                        (<EXP>
                          (<id,a>)
                        )
                      )
                      (<)>)
                    )
                  )
                )
                (<)>)
              )
            )
            (<)>)
            (<;>)
          )
        )
      )
      (<}>)
    )
  )
)
